CRITICAL - 2025-09-15 12:24:55 --> CodeIgniter\View\Exceptions\ViewException: Invalid file: "user/confirm_reservation.php"
[Method: GET, Route: books/confirm/4]
in SYSTEMPATH\Exceptions\FrameworkException.php on line 39.
 1 SYSTEMPATH\View\View.php(214): CodeIgniter\Exceptions\FrameworkException::forInvalidFile('user/confirm_reservation.php')
 2 SYSTEMPATH\Common.php(1167): CodeIgniter\View\View->render('user/confirm_reservation', [], true)
 3 APPPATH\Controllers\ReservationController.php(36): view('user/confirm_reservation', [...])
 4 SYSTEMPATH\CodeIgniter.php(933): App\Controllers\ReservationController->confirm('4')
 5 SYSTEMPATH\CodeIgniter.php(507): CodeIgniter\CodeIgniter->runController(Object(App\Controllers\ReservationController))
 6 SYSTEMPATH\CodeIgniter.php(354): CodeIgniter\CodeIgniter->handleRequest(null, Object(Config\Cache), false)
 7 SYSTEMPATH\Boot.php(363): CodeIgniter\CodeIgniter->run()
 8 SYSTEMPATH\Boot.php(68): CodeIgniter\Boot::runCodeIgniter(Object(CodeIgniter\CodeIgniter))
 9 FCPATH\index.php(59): CodeIgniter\Boot::bootWeb(Object(Config\Paths))
10 SYSTEMPATH\rewrite.php(44): require_once('C:\\Users\\Hp Elitebook\\Desktop\\STAGE\\Projet-de-fin-de-stage\\Gestion-Bibliotheque\\public\\index.php')
CRITICAL - 2025-09-15 12:33:05 --> CodeIgniter\View\Exceptions\ViewException: Invalid file: "user/confirm_reservation.php"
[Method: GET, Route: books/confirm/4]
in SYSTEMPATH\Exceptions\FrameworkException.php on line 39.
 1 SYSTEMPATH\View\View.php(214): CodeIgniter\Exceptions\FrameworkException::forInvalidFile('user/confirm_reservation.php')
 2 SYSTEMPATH\Common.php(1167): CodeIgniter\View\View->render('user/confirm_reservation', [], true)
 3 APPPATH\Controllers\ReservationController.php(36): view('user/confirm_reservation', [...])
 4 SYSTEMPATH\CodeIgniter.php(933): App\Controllers\ReservationController->confirm('4')
 5 SYSTEMPATH\CodeIgniter.php(507): CodeIgniter\CodeIgniter->runController(Object(App\Controllers\ReservationController))
 6 SYSTEMPATH\CodeIgniter.php(354): CodeIgniter\CodeIgniter->handleRequest(null, Object(Config\Cache), false)
 7 SYSTEMPATH\Boot.php(363): CodeIgniter\CodeIgniter->run()
 8 SYSTEMPATH\Boot.php(68): CodeIgniter\Boot::runCodeIgniter(Object(CodeIgniter\CodeIgniter))
 9 FCPATH\index.php(59): CodeIgniter\Boot::bootWeb(Object(Config\Paths))
10 SYSTEMPATH\rewrite.php(44): require_once('C:\\Users\\Hp Elitebook\\Desktop\\STAGE\\Projet-de-fin-de-stage\\Gestion-Bibliotheque\\public\\index.php')
CRITICAL - 2025-09-15 12:38:11 --> CodeIgniter\View\Exceptions\ViewException: Invalid file: "user/confirm_reservation.php"
[Method: GET, Route: books/confirm/4]
in SYSTEMPATH\Exceptions\FrameworkException.php on line 39.
 1 SYSTEMPATH\View\View.php(214): CodeIgniter\Exceptions\FrameworkException::forInvalidFile('user/confirm_reservation.php')
 2 SYSTEMPATH\Common.php(1167): CodeIgniter\View\View->render('user/confirm_reservation', [], true)
 3 APPPATH\Controllers\ReservationController.php(36): view('user/confirm_reservation', [...])
 4 SYSTEMPATH\CodeIgniter.php(933): App\Controllers\ReservationController->confirm('4')
 5 SYSTEMPATH\CodeIgniter.php(507): CodeIgniter\CodeIgniter->runController(Object(App\Controllers\ReservationController))
 6 SYSTEMPATH\CodeIgniter.php(354): CodeIgniter\CodeIgniter->handleRequest(null, Object(Config\Cache), false)
 7 SYSTEMPATH\Boot.php(363): CodeIgniter\CodeIgniter->run()
 8 SYSTEMPATH\Boot.php(68): CodeIgniter\Boot::runCodeIgniter(Object(CodeIgniter\CodeIgniter))
 9 FCPATH\index.php(59): CodeIgniter\Boot::bootWeb(Object(Config\Paths))
10 SYSTEMPATH\rewrite.php(44): require_once('C:\\Users\\Hp Elitebook\\Desktop\\STAGE\\Projet-de-fin-de-stage\\Gestion-Bibliotheque\\public\\index.php')
CRITICAL - 2025-09-15 12:41:23 --> CodeIgniter\View\Exceptions\ViewException: Invalid file: "user/confirm_reservation.php"
[Method: GET, Route: books/confirm/4]
in SYSTEMPATH\Exceptions\FrameworkException.php on line 39.
 1 SYSTEMPATH\View\View.php(214): CodeIgniter\Exceptions\FrameworkException::forInvalidFile('user/confirm_reservation.php')
 2 SYSTEMPATH\Common.php(1167): CodeIgniter\View\View->render('user/confirm_reservation', [], true)
 3 APPPATH\Controllers\ReservationController.php(36): view('user/confirm_reservation', [...])
 4 SYSTEMPATH\CodeIgniter.php(933): App\Controllers\ReservationController->confirm('4')
 5 SYSTEMPATH\CodeIgniter.php(507): CodeIgniter\CodeIgniter->runController(Object(App\Controllers\ReservationController))
 6 SYSTEMPATH\CodeIgniter.php(354): CodeIgniter\CodeIgniter->handleRequest(null, Object(Config\Cache), false)
 7 SYSTEMPATH\Boot.php(363): CodeIgniter\CodeIgniter->run()
 8 SYSTEMPATH\Boot.php(68): CodeIgniter\Boot::runCodeIgniter(Object(CodeIgniter\CodeIgniter))
 9 FCPATH\index.php(59): CodeIgniter\Boot::bootWeb(Object(Config\Paths))
10 SYSTEMPATH\rewrite.php(44): require_once('C:\\Users\\Hp Elitebook\\Desktop\\STAGE\\Projet-de-fin-de-stage\\Gestion-Bibliotheque\\public\\index.php')
CRITICAL - 2025-09-15 12:43:25 --> CodeIgniter\View\Exceptions\ViewException: Invalid file: "user/my_reservations.php"
[Method: GET, Route: my-reservations]
in SYSTEMPATH\Exceptions\FrameworkException.php on line 39.
 1 SYSTEMPATH\View\View.php(214): CodeIgniter\Exceptions\FrameworkException::forInvalidFile('user/my_reservations.php')
 2 SYSTEMPATH\Common.php(1167): CodeIgniter\View\View->render('user/my_reservations', [], true)
 3 APPPATH\Controllers\ReservationController.php(86): view('user/my_reservations', [...])
 4 SYSTEMPATH\CodeIgniter.php(933): App\Controllers\ReservationController->myReservations()
 5 SYSTEMPATH\CodeIgniter.php(507): CodeIgniter\CodeIgniter->runController(Object(App\Controllers\ReservationController))
 6 SYSTEMPATH\CodeIgniter.php(354): CodeIgniter\CodeIgniter->handleRequest(null, Object(Config\Cache), false)
 7 SYSTEMPATH\Boot.php(363): CodeIgniter\CodeIgniter->run()
 8 SYSTEMPATH\Boot.php(68): CodeIgniter\Boot::runCodeIgniter(Object(CodeIgniter\CodeIgniter))
 9 FCPATH\index.php(59): CodeIgniter\Boot::bootWeb(Object(Config\Paths))
10 SYSTEMPATH\rewrite.php(44): require_once('C:\\Users\\Hp Elitebook\\Desktop\\STAGE\\Projet-de-fin-de-stage\\Gestion-Bibliotheque\\public\\index.php')
